<?xml version="1.0" encoding="UTF-8"?>
<TestRun id="07de9762-8378-4df7-b62d-79095d7e2819" name="ebastar@LAP-EBASTAR 2014-10-22 12:49:33" runUser="PTH\ebastar" xmlns="http://microsoft.com/schemas/VisualStudio/TeamTest/2010">
  <TestSettings name="Local" id="bed6b4fd-d570-4e2a-9237-e0aa2aa1e62d">
    <Description>These are default test settings for a local test run.</Description>
    <Deployment enabled="false" runDeploymentRoot="ebastar_LAP-EBASTAR 2014-10-22 12_49_33">
      <DeploymentItem filename="C:\Users\ebastar\Documents\GitHub\MiniWare\MiniWare\MiniWareAPI\Models\bin\Debug\Models.dll" />
      <DeploymentItem filename="C:\Users\ebastar\Documents\GitHub\MiniWare\MiniWare\MiniWareAPI\Bussiness\bin\Debug\Bussiness.dll" />
    </Deployment>
    <Execution>
      <TestTypeSpecific />
      <AgentRule name="Execution Agents">
      </AgentRule>
    </Execution>
  </TestSettings>
  <Times creation="2014-10-22T12:49:33.9761444-05:00" queuing="2014-10-22T12:49:36.4237829-05:00" start="2014-10-22T12:49:36.5938936-05:00" finish="2014-10-22T12:49:37.2383259-05:00" />
  <ResultSummary outcome="Completed">
    <Counters total="1" executed="1" passed="1" error="0" failed="0" timeout="0" aborted="0" inconclusive="0" passedButRunAborted="0" notRunnable="0" notExecuted="0" disconnected="0" warning="0" completed="0" inProgress="0" pending="0" />
  </ResultSummary>
  <TestDefinitions>
    <UnitTest name="SaveUser" storage="c:\users\ebastar\documents\github\miniware\miniware\miniwareapi\testminiware\bin\debug\testminiware.dll" id="94da58ae-6181-310d-d25c-17962f8b7b6a">
      <Execution id="cc8acc97-6b5c-4902-ba2a-2275234d703d" />
      <TestMethod codeBase="C:/Users/ebastar/Documents/GitHub/MiniWare/MiniWare/MiniWareAPI/TestMiniWare/bin/Debug/TestMiniWare.DLL" adapterTypeName="Microsoft.VisualStudio.TestTools.TestTypes.Unit.UnitTestAdapter, Microsoft.VisualStudio.QualityTools.Tips.UnitTest.Adapter, Version=10.0.0.0, Culture=neutral, PublicKeyToken=b03f5f7f11d50a3a" className="TestMiniWare.UnitTest1, TestMiniWare, Version=1.0.0.0, Culture=neutral, PublicKeyToken=null" name="SaveUser" />
    </UnitTest>
  </TestDefinitions>
  <TestLists>
    <TestList name="Results Not in a List" id="8c84fa94-04c1-424b-9868-57a2d4851a1d" />
    <TestList name="All Loaded Results" id="19431567-8539-422a-85d7-44ee4e166bda" />
  </TestLists>
  <TestEntries>
    <TestEntry testId="94da58ae-6181-310d-d25c-17962f8b7b6a" executionId="cc8acc97-6b5c-4902-ba2a-2275234d703d" testListId="8c84fa94-04c1-424b-9868-57a2d4851a1d" />
  </TestEntries>
  <Results>
    <UnitTestResult executionId="cc8acc97-6b5c-4902-ba2a-2275234d703d" testId="94da58ae-6181-310d-d25c-17962f8b7b6a" testName="SaveUser" computerName="LAP-EBASTAR" duration="00:00:00.2160644" startTime="2014-10-22T12:49:36.6739471-05:00" endTime="2014-10-22T12:49:37.1502674-05:00" testType="13cdc9d9-ddb5-4fa4-a97d-d965ccfc6d4b" outcome="Passed" testListId="8c84fa94-04c1-424b-9868-57a2d4851a1d" relativeResultsDirectory="cc8acc97-6b5c-4902-ba2a-2275234d703d">
    </UnitTestResult>
  </Results>
</TestRun>