<?xml version="1.0" encoding="UTF-8"?>
<TestRun id="57e8253e-f7cd-41ca-804f-0dd735d33e32" name="ebastar@LAP-EBASTAR 2014-10-22 12:57:28" runUser="PTH\ebastar" xmlns="http://microsoft.com/schemas/VisualStudio/TeamTest/2010">
  <TestSettings name="Local" id="bed6b4fd-d570-4e2a-9237-e0aa2aa1e62d">
    <Description>These are default test settings for a local test run.</Description>
    <Deployment userDeploymentRoot="C:\Users\ebastar\Documents\GitHub\MiniWare\MiniWare\MiniWareAPI\TestResults" useDefaultDeploymentRoot="false" enabled="false" runDeploymentRoot="ebastar_LAP-EBASTAR 2014-10-22 12_57_28">
      <DeploymentItem filename="C:\Users\ebastar\Documents\GitHub\MiniWare\MiniWare\MiniWareAPI\Models\bin\Debug\Models.dll" />
      <DeploymentItem filename="C:\Users\ebastar\Documents\GitHub\MiniWare\MiniWare\MiniWareAPI\Bussiness\bin\Debug\Bussiness.dll" />
    </Deployment>
    <Execution>
      <TestTypeSpecific />
      <AgentRule name="Execution Agents">
      </AgentRule>
    </Execution>
  </TestSettings>
  <Times creation="2014-10-22T12:57:28.9991920-05:00" queuing="2014-10-22T12:57:30.1429572-05:00" start="2014-10-22T12:57:30.2660392-05:00" finish="2014-10-22T12:57:59.9046481-05:00" />
  <ResultSummary outcome="Error">
    <Counters total="1" executed="1" error="0" failed="0" timeout="0" aborted="1" inconclusive="0" passedButRunAborted="0" notRunnable="0" notExecuted="0" disconnected="0" warning="0" passed="0" completed="0" inProgress="0" pending="0" />
    <RunInfos>
      <RunInfo computerName="LAP-EBASTAR" outcome="Error" timestamp="2014-10-22T12:57:59.9036474-05:00">
        <Text>Test host process exited unexpectedly.</Text>
      </RunInfo>
    </RunInfos>
  </ResultSummary>
  <TestDefinitions>
    <UnitTest name="SaveUser" storage="c:\users\ebastar\documents\github\miniware\miniware\miniwareapi\testminiware\bin\debug\testminiware.dll" id="94da58ae-6181-310d-d25c-17962f8b7b6a">
      <Execution id="8cbee7a1-1d54-4d2b-b5a2-2600f386d3b2" />
      <TestMethod codeBase="C:/Users/ebastar/Documents/GitHub/MiniWare/MiniWare/MiniWareAPI/TestMiniWare/bin/Debug/TestMiniWare.DLL" adapterTypeName="Microsoft.VisualStudio.TestTools.TestTypes.Unit.UnitTestAdapter, Microsoft.VisualStudio.QualityTools.Tips.UnitTest.Adapter, Version=10.0.0.0, Culture=neutral, PublicKeyToken=b03f5f7f11d50a3a" className="TestMiniWare.UnitTest1, TestMiniWare, Version=1.0.0.0, Culture=neutral, PublicKeyToken=null" name="SaveUser" />
    </UnitTest>
  </TestDefinitions>
  <TestLists>
    <TestList name="Results Not in a List" id="8c84fa94-04c1-424b-9868-57a2d4851a1d" />
    <TestList name="All Loaded Results" id="19431567-8539-422a-85d7-44ee4e166bda" />
  </TestLists>
  <TestEntries>
    <TestEntry testId="94da58ae-6181-310d-d25c-17962f8b7b6a" executionId="8cbee7a1-1d54-4d2b-b5a2-2600f386d3b2" testListId="8c84fa94-04c1-424b-9868-57a2d4851a1d" />
  </TestEntries>
  <Results>
    <UnitTestResult executionId="8cbee7a1-1d54-4d2b-b5a2-2600f386d3b2" testId="94da58ae-6181-310d-d25c-17962f8b7b6a" testName="SaveUser" computerName="LAP-EBASTAR" duration="00:00:29.5175273" startTime="2014-10-22T12:57:30.3861201-05:00" endTime="2014-10-22T12:57:59.9036474-05:00" testType="13cdc9d9-ddb5-4fa4-a97d-d965ccfc6d4b" outcome="Aborted" testListId="8c84fa94-04c1-424b-9868-57a2d4851a1d" relativeResultsDirectory="8cbee7a1-1d54-4d2b-b5a2-2600f386d3b2">
    </UnitTestResult>
  </Results>
</TestRun>